src/components/booking/RoomBookingForm.tsx(23,75): error TS6133: 'onSuccess' is declared but its value is never read.
src/components/booking/RoomBookingForm.tsx(129,17): error TS2353: Object literal may only specify known properties, and 'customerName' does not exist in type 'CreateRoomBookingDto'.
src/features/restaurants/restaurantsApi.ts(35,28): error TS2339: Property 'name' does not exist on type 'void | RestaurantSearchParams'.
  Property 'name' does not exist on type 'void'.
src/features/restaurants/restaurantsApi.ts(35,68): error TS2339: Property 'name' does not exist on type 'void | RestaurantSearchParams'.
  Property 'name' does not exist on type 'void'.
src/features/restaurants/restaurantsApi.ts(36,28): error TS2339: Property 'cuisineType' does not exist on type 'void | RestaurantSearchParams'.
  Property 'cuisineType' does not exist on type 'void'.
src/features/restaurants/restaurantsApi.ts(36,82): error TS2339: Property 'cuisineType' does not exist on type 'void | RestaurantSearchParams'.
  Property 'cuisineType' does not exist on type 'void'.
src/features/restaurants/restaurantsApi.ts(37,28): error TS2339: Property 'priceRange' does not exist on type 'void | RestaurantSearchParams'.
  Property 'priceRange' does not exist on type 'void'.
src/features/restaurants/restaurantsApi.ts(37,80): error TS2339: Property 'priceRange' does not exist on type 'void | RestaurantSearchParams'.
  Property 'priceRange' does not exist on type 'void'.
src/features/restaurants/restaurantsApi.ts(38,28): error TS2339: Property 'active' does not exist on type 'void | RestaurantSearchParams'.
  Property 'active' does not exist on type 'void'.
src/features/restaurants/restaurantsApi.ts(38,93): error TS2339: Property 'active' does not exist on type 'void | RestaurantSearchParams'.
  Property 'active' does not exist on type 'void'.
src/features/restaurants/restaurantsApi.ts(39,28): error TS2339: Property 'page' does not exist on type 'void | RestaurantSearchParams'.
  Property 'page' does not exist on type 'void'.
src/features/restaurants/restaurantsApi.ts(39,75): error TS2339: Property 'page' does not exist on type 'void | RestaurantSearchParams'.
  Property 'page' does not exist on type 'void'.
src/features/restaurants/restaurantsApi.ts(40,28): error TS2339: Property 'limit' does not exist on type 'void | RestaurantSearchParams'.
  Property 'limit' does not exist on type 'void'.
src/features/restaurants/restaurantsApi.ts(40,77): error TS2339: Property 'limit' does not exist on type 'void | RestaurantSearchParams'.
  Property 'limit' does not exist on type 'void'.
src/pages/RoomDetailsPage.tsx(7,25): error TS6133: 'FaPaw' is declared but its value is never read.
src/pages/RoomDetailsPage.tsx(7,69): error TS6133: 'FaWheelchair' is declared but its value is never read.
src/pages/RoomDetailsPage.tsx(7,83): error TS6133: 'FaShower' is declared but its value is never read.
src/pages/RoomDetailsPage.tsx(8,10): error TS6133: 'IoRestaurant' is declared but its value is never read.
src/pages/RoomDetailsPage.tsx(9,18): error TS6133: 'GiVacuumCleaner' is declared but its value is never read.
